python : Traceback 
(most recent call 
last):
Au caractère Ligne:1 
: 1
+ python 
test_view.py > 
test_output.txt 2>&1
+ ~~~~~~~~~~~~~~~~~~~
~~~~~~~~~~~~~~~~~~~~~
~~
    + CategoryInfo   
           : NotSpe  
  cified: (Traceba   
 ck (most recent     
call last)::Stri    
ng) [], RemoteEx    
ception
    + FullyQualified 
   ErrorId : Native  
  CommandError
 
  File "C:\Users\HP\O
neDrive\Desktop\sodja
smart\ferme_mopkokpo\
test_view.py", line 
4, in <module>
    from django.contr
ib.auth.models 
import User
  File "C:\Users\HP\A
ppData\Local\Programs
\Python\Python313\Lib
\site-packages\django
\contrib\auth\models.
py", line 5, in 
<module>
    from django.contr
ib.auth.base_user 
import 
AbstractBaseUser, 
BaseUserManager
  File "C:\Users\HP\A
ppData\Local\Programs
\Python\Python313\Lib
\site-packages\django
\contrib\auth\base_us
er.py", line 43, in 
<module>
    class AbstractBas
eUser(models.Model):
    ...<123 lines>...
            )
  File "C:\Users\HP\A
ppData\Local\Programs
\Python\Python313\Lib
\site-packages\django
\db\models\base.py", 
line 131, in __new__
    app_config = apps
.get_containing_app_c
onfig(module)
  File "C:\Users\HP\A
ppData\Local\Programs
\Python\Python313\Lib
\site-packages\django
\apps\registry.py", 
line 260, in get_cont
aining_app_config
    self.check_apps_r
eady()
    ~~~~~~~~~~~~~~~~~
~~~~^^
  File "C:\Users\HP\A
ppData\Local\Programs
\Python\Python313\Lib
\site-packages\django
\apps\registry.py", 
line 137, in 
check_apps_ready
    settings.INSTALLE
D_APPS
  File "C:\Users\HP\A
ppData\Local\Programs
\Python\Python313\Lib
\site-packages\django
\conf\__init__.py", 
line 81, in 
__getattr__
    self._setup(name)
    ~~~~~~~~~~~^^^^^^
  File "C:\Users\HP\A
ppData\Local\Programs
\Python\Python313\Lib
\site-packages\django
\conf\__init__.py", 
line 61, in _setup
    raise 
ImproperlyConfigured(
    ...<4 lines>...
    )
django.core.exception
s.ImproperlyConfigure
d: Requested setting 
INSTALLED_APPS, but 
settings are not 
configured. You must 
either define the 
environment variable 
DJANGO_SETTINGS_MODUL
E or call 
settings.configure() 
before accessing 
settings.
